[    1740ms] [WARNING] WARN Infinite extent for field "date": [Infinity, -Infinity] @ http://localhost:8501/static/js/embed.B-c_4G7P.js:0
[    1741ms] [WARNING] WARN Infinite extent for field "date": [Infinity, -Infinity] @ http://localhost:8501/static/js/embed.B-c_4G7P.js:0
[    1770ms] [WARNING] WARN Infinite extent for field "date": [Infinity, -Infinity] @ http://localhost:8501/static/js/embed.B-c_4G7P.js:0
[    1770ms] [WARNING] WARN Infinite extent for field "date": [Infinity, -Infinity] @ http://localhost:8501/static/js/embed.B-c_4G7P.js:0
[    1770ms] [WARNING] WARN Infinite extent for field "date": [Infinity, -Infinity] @ http://localhost:8501/static/js/embed.B-c_4G7P.js:0
[    1770ms] [WARNING] WARN Infinite extent for field "Brew Ratio": [Infinity, -Infinity] @ http://localhost:8501/static/js/embed.B-c_4G7P.js:0
[    1770ms] [WARNING] WARN Infinite extent for field "Brew Ratio": [Infinity, -Infinity] @ http://localhost:8501/static/js/embed.B-c_4G7P.js:0
[    1770ms] [WARNING] WARN Infinite extent for field "rolling_value": [Infinity, -Infinity] @ http://localhost:8501/static/js/embed.B-c_4G7P.js:0
[    1773ms] [WARNING] WARN Infinite extent for field "date": [Infinity, -Infinity] @ http://localhost:8501/static/js/embed.B-c_4G7P.js:0
[    1773ms] [WARNING] WARN Infinite extent for field "date": [Infinity, -Infinity] @ http://localhost:8501/static/js/embed.B-c_4G7P.js:0
[    1773ms] [WARNING] WARN Infinite extent for field "brew_time": [Infinity, -Infinity] @ http://localhost:8501/static/js/embed.B-c_4G7P.js:0
[    1773ms] [WARNING] WARN Infinite extent for field "brew_time": [Infinity, -Infinity] @ http://localhost:8501/static/js/embed.B-c_4G7P.js:0
[    1776ms] [WARNING] WARN Infinite extent for field "date": [Infinity, -Infinity] @ http://localhost:8501/static/js/embed.B-c_4G7P.js:0
[    1776ms] [WARNING] WARN Infinite extent for field "date": [Infinity, -Infinity] @ http://localhost:8501/static/js/embed.B-c_4G7P.js:0
[    1776ms] [WARNING] WARN Infinite extent for field "date": [Infinity, -Infinity] @ http://localhost:8501/static/js/embed.B-c_4G7P.js:0
[    1776ms] [WARNING] WARN Infinite extent for field "rating": [Infinity, -Infinity] @ http://localhost:8501/static/js/embed.B-c_4G7P.js:0
[    1776ms] [WARNING] WARN Infinite extent for field "rating": [Infinity, -Infinity] @ http://localhost:8501/static/js/embed.B-c_4G7P.js:0
[    1776ms] [WARNING] WARN Infinite extent for field "rolling_value": [Infinity, -Infinity] @ http://localhost:8501/static/js/embed.B-c_4G7P.js:0
[    1779ms] [WARNING] WARN Infinite extent for field "date": [Infinity, -Infinity] @ http://localhost:8501/static/js/embed.B-c_4G7P.js:0
[    1779ms] [WARNING] WARN Infinite extent for field "date": [Infinity, -Infinity] @ http://localhost:8501/static/js/embed.B-c_4G7P.js:0
[    1779ms] [WARNING] WARN Infinite extent for field "grind_value": [Infinity, -Infinity] @ http://localhost:8501/static/js/embed.B-c_4G7P.js:0
[    1779ms] [WARNING] WARN Infinite extent for field "grind_value": [Infinity, -Infinity] @ http://localhost:8501/static/js/embed.B-c_4G7P.js:0
