[     521ms] [WARNING] WARN Infinite extent for field "date": [Infinity, -Infinity] @ http://localhost:8501/static/js/embed.B-c_4G7P.js:0
[     521ms] [WARNING] WARN Infinite extent for field "date": [Infinity, -Infinity] @ http://localhost:8501/static/js/embed.B-c_4G7P.js:0
[     527ms] [WARNING] WARN Infinite extent for field "date": [Infinity, -Infinity] @ http://localhost:8501/static/js/embed.B-c_4G7P.js:0
[     527ms] [WARNING] WARN Infinite extent for field "date": [Infinity, -Infinity] @ http://localhost:8501/static/js/embed.B-c_4G7P.js:0
[     527ms] [WARNING] WARN Infinite extent for field "date": [Infinity, -Infinity] @ http://localhost:8501/static/js/embed.B-c_4G7P.js:0
[     527ms] [WARNING] WARN Infinite extent for field "Brew Ratio": [Infinity, -Infinity] @ http://localhost:8501/static/js/embed.B-c_4G7P.js:0
[     527ms] [WARNING] WARN Infinite extent for field "Brew Ratio": [Infinity, -Infinity] @ http://localhost:8501/static/js/embed.B-c_4G7P.js:0
[     527ms] [WARNING] WARN Infinite extent for field "rolling_value": [Infinity, -Infinity] @ http://localhost:8501/static/js/embed.B-c_4G7P.js:0
[     529ms] [WARNING] WARN Infinite extent for field "date": [Infinity, -Infinity] @ http://localhost:8501/static/js/embed.B-c_4G7P.js:0
[     529ms] [WARNING] WARN Infinite extent for field "date": [Infinity, -Infinity] @ http://localhost:8501/static/js/embed.B-c_4G7P.js:0
[     529ms] [WARNING] WARN Infinite extent for field "brew_time": [Infinity, -Infinity] @ http://localhost:8501/static/js/embed.B-c_4G7P.js:0
[     529ms] [WARNING] WARN Infinite extent for field "brew_time": [Infinity, -Infinity] @ http://localhost:8501/static/js/embed.B-c_4G7P.js:0
[     531ms] [WARNING] WARN Infinite extent for field "date": [Infinity, -Infinity] @ http://localhost:8501/static/js/embed.B-c_4G7P.js:0
[     531ms] [WARNING] WARN Infinite extent for field "date": [Infinity, -Infinity] @ http://localhost:8501/static/js/embed.B-c_4G7P.js:0
[     532ms] [WARNING] WARN Infinite extent for field "date": [Infinity, -Infinity] @ http://localhost:8501/static/js/embed.B-c_4G7P.js:0
[     532ms] [WARNING] WARN Infinite extent for field "rating": [Infinity, -Infinity] @ http://localhost:8501/static/js/embed.B-c_4G7P.js:0
[     532ms] [WARNING] WARN Infinite extent for field "rating": [Infinity, -Infinity] @ http://localhost:8501/static/js/embed.B-c_4G7P.js:0
[     532ms] [WARNING] WARN Infinite extent for field "rolling_value": [Infinity, -Infinity] @ http://localhost:8501/static/js/embed.B-c_4G7P.js:0
[     533ms] [WARNING] WARN Infinite extent for field "date": [Infinity, -Infinity] @ http://localhost:8501/static/js/embed.B-c_4G7P.js:0
[     533ms] [WARNING] WARN Infinite extent for field "date": [Infinity, -Infinity] @ http://localhost:8501/static/js/embed.B-c_4G7P.js:0
[     533ms] [WARNING] WARN Infinite extent for field "grind_value": [Infinity, -Infinity] @ http://localhost:8501/static/js/embed.B-c_4G7P.js:0
[     533ms] [WARNING] WARN Infinite extent for field "grind_value": [Infinity, -Infinity] @ http://localhost:8501/static/js/embed.B-c_4G7P.js:0
[     535ms] [WARNING] WARN Infinite extent for field "Brew Ratio": [Infinity, -Infinity] @ http://localhost:8501/static/js/embed.B-c_4G7P.js:0
[   14757ms] [WARNING] WARN Infinite extent for field "date": [Infinity, -Infinity] @ http://localhost:8501/static/js/embed.B-c_4G7P.js:0
[   14757ms] [WARNING] WARN Infinite extent for field "date": [Infinity, -Infinity] @ http://localhost:8501/static/js/embed.B-c_4G7P.js:0
[   14760ms] [WARNING] WARN Infinite extent for field "date": [Infinity, -Infinity] @ http://localhost:8501/static/js/embed.B-c_4G7P.js:0
[   14760ms] [WARNING] WARN Infinite extent for field "date": [Infinity, -Infinity] @ http://localhost:8501/static/js/embed.B-c_4G7P.js:0
[   14760ms] [WARNING] WARN Infinite extent for field "date": [Infinity, -Infinity] @ http://localhost:8501/static/js/embed.B-c_4G7P.js:0
[   14760ms] [WARNING] WARN Infinite extent for field "Brew Ratio": [Infinity, -Infinity] @ http://localhost:8501/static/js/embed.B-c_4G7P.js:0
[   14760ms] [WARNING] WARN Infinite extent for field "Brew Ratio": [Infinity, -Infinity] @ http://localhost:8501/static/js/embed.B-c_4G7P.js:0
[   14760ms] [WARNING] WARN Infinite extent for field "rolling_value": [Infinity, -Infinity] @ http://localhost:8501/static/js/embed.B-c_4G7P.js:0
[   14762ms] [WARNING] WARN Infinite extent for field "date": [Infinity, -Infinity] @ http://localhost:8501/static/js/embed.B-c_4G7P.js:0
[   14763ms] [WARNING] WARN Infinite extent for field "date": [Infinity, -Infinity] @ http://localhost:8501/static/js/embed.B-c_4G7P.js:0
[   14763ms] [WARNING] WARN Infinite extent for field "brew_time": [Infinity, -Infinity] @ http://localhost:8501/static/js/embed.B-c_4G7P.js:0
[   14763ms] [WARNING] WARN Infinite extent for field "brew_time": [Infinity, -Infinity] @ http://localhost:8501/static/js/embed.B-c_4G7P.js:0
[   14765ms] [WARNING] WARN Infinite extent for field "date": [Infinity, -Infinity] @ http://localhost:8501/static/js/embed.B-c_4G7P.js:0
[   14765ms] [WARNING] WARN Infinite extent for field "date": [Infinity, -Infinity] @ http://localhost:8501/static/js/embed.B-c_4G7P.js:0
[   14765ms] [WARNING] WARN Infinite extent for field "date": [Infinity, -Infinity] @ http://localhost:8501/static/js/embed.B-c_4G7P.js:0
[   14765ms] [WARNING] WARN Infinite extent for field "rating": [Infinity, -Infinity] @ http://localhost:8501/static/js/embed.B-c_4G7P.js:0
[   14765ms] [WARNING] WARN Infinite extent for field "rating": [Infinity, -Infinity] @ http://localhost:8501/static/js/embed.B-c_4G7P.js:0
[   14765ms] [WARNING] WARN Infinite extent for field "rolling_value": [Infinity, -Infinity] @ http://localhost:8501/static/js/embed.B-c_4G7P.js:0
[   14769ms] [WARNING] WARN Infinite extent for field "date": [Infinity, -Infinity] @ http://localhost:8501/static/js/embed.B-c_4G7P.js:0
[   14769ms] [WARNING] WARN Infinite extent for field "date": [Infinity, -Infinity] @ http://localhost:8501/static/js/embed.B-c_4G7P.js:0
[   14769ms] [WARNING] WARN Infinite extent for field "grind_value": [Infinity, -Infinity] @ http://localhost:8501/static/js/embed.B-c_4G7P.js:0
[   14769ms] [WARNING] WARN Infinite extent for field "grind_value": [Infinity, -Infinity] @ http://localhost:8501/static/js/embed.B-c_4G7P.js:0
[   14771ms] [WARNING] WARN Infinite extent for field "Brew Ratio": [Infinity, -Infinity] @ http://localhost:8501/static/js/embed.B-c_4G7P.js:0
